<?xml version="1.0" encoding="UTF-8" standalone="yes"?>
<componentConfigList>
    <componentConfig id="0">
        <host>localhost</host>
        <port>7776</port>
        <waitRuleList/>
    </componentConfig>
    <componentConfig id="1">
        <host>localhost1</host>
        <port>7777</port>
        <waitRuleList/>
    </componentConfig>
</componentConfigList>
